SP-Kernel passed 49 half-hour tests
SP-Kernel passed [22-alignments per day] test
Alignments between 1999 DEC 31 23:59:59.990 and 2000 JAN 01 23:59:59.990:
  0:  2000 JAN 01 00:00:00.000
  1:  2000 JAN 01 01:05:27.273
  2:  2000 JAN 01 02:10:54.545
  3:  2000 JAN 01 03:16:21.818
  4:  2000 JAN 01 04:21:49.091
  5:  2000 JAN 01 05:27:16.364
  6:  2000 JAN 01 06:32:43.636
  7:  2000 JAN 01 07:38:10.909
  8:  2000 JAN 01 08:43:38.182
  9:  2000 JAN 01 09:49:05.455
  10:  2000 JAN 01 10:54:32.727
  11:  2000 JAN 01 12:00:00.000
  12:  2000 JAN 01 13:05:27.273
  13:  2000 JAN 01 14:10:54.545
  14:  2000 JAN 01 15:16:21.818
  15:  2000 JAN 01 16:21:49.091
  16:  2000 JAN 01 17:27:16.364
  17:  2000 JAN 01 18:32:43.636
  18:  2000 JAN 01 19:38:10.909
  19:  2000 JAN 01 20:43:38.182
  20:  2000 JAN 01 21:49:05.455
  21:  2000 JAN 01 22:54:32.727
SP-Kernel passed [23-alignments per (day+20ms)] test
Alignments between 1999 DEC 31 23:59:59.990 and 2000 JAN 02 00:00:00.010:
  0:  2000 JAN 01 00:00:00.000
  1:  2000 JAN 01 01:05:27.273
  2:  2000 JAN 01 02:10:54.545
  3:  2000 JAN 01 03:16:21.818
  4:  2000 JAN 01 04:21:49.091
  5:  2000 JAN 01 05:27:16.364
  6:  2000 JAN 01 06:32:43.636
  7:  2000 JAN 01 07:38:10.909
  8:  2000 JAN 01 08:43:38.182
  9:  2000 JAN 01 09:49:05.455
  10:  2000 JAN 01 10:54:32.727
  11:  2000 JAN 01 12:00:00.000
  12:  2000 JAN 01 13:05:27.273
  13:  2000 JAN 01 14:10:54.545
  14:  2000 JAN 01 15:16:21.818
  15:  2000 JAN 01 16:21:49.091
  16:  2000 JAN 01 17:27:16.364
  17:  2000 JAN 01 18:32:43.636
  18:  2000 JAN 01 19:38:10.909
  19:  2000 JAN 01 20:43:38.182
  20:  2000 JAN 01 21:49:05.455
  21:  2000 JAN 01 22:54:32.727
  22:  2000 JAN 02 00:00:00.000
SP-Kernel passed [44-30-deg-alignments per (day+20ms)] test
30deg events between 1999 DEC 31 23:59:59.990 and 2000 JAN 02 00:00:00.010:
  0:  2000 JAN 01 00:05:27.273
  1:  2000 JAN 01 01:00:00.000
  2:  2000 JAN 01 01:10:54.545
  3:  2000 JAN 01 02:05:27.273
  4:  2000 JAN 01 02:16:21.818
  5:  2000 JAN 01 03:10:54.545
  6:  2000 JAN 01 03:21:49.091
  7:  2000 JAN 01 04:16:21.818
  8:  2000 JAN 01 04:27:16.364
  9:  2000 JAN 01 05:21:49.091
  10:  2000 JAN 01 05:32:43.636
  11:  2000 JAN 01 06:27:16.364
  12:  2000 JAN 01 06:38:10.909
  13:  2000 JAN 01 07:32:43.636
  14:  2000 JAN 01 07:43:38.182
  15:  2000 JAN 01 08:38:10.909
  16:  2000 JAN 01 08:49:05.455
  17:  2000 JAN 01 09:43:38.182
  18:  2000 JAN 01 09:54:32.727
  19:  2000 JAN 01 10:49:05.455
  20:  2000 JAN 01 11:00:00.000
  21:  2000 JAN 01 11:54:32.727
  22:  2000 JAN 01 12:05:27.273
  23:  2000 JAN 01 13:00:00.000
  24:  2000 JAN 01 13:10:54.545
  25:  2000 JAN 01 14:05:27.273
  26:  2000 JAN 01 14:16:21.818
  27:  2000 JAN 01 15:10:54.545
  28:  2000 JAN 01 15:21:49.091
  29:  2000 JAN 01 16:16:21.818
  30:  2000 JAN 01 16:27:16.364
  31:  2000 JAN 01 17:21:49.091
  32:  2000 JAN 01 17:32:43.636
  33:  2000 JAN 01 18:27:16.364
  34:  2000 JAN 01 18:38:10.909
  35:  2000 JAN 01 19:32:43.636
  36:  2000 JAN 01 19:43:38.182
  37:  2000 JAN 01 20:38:10.909
  38:  2000 JAN 01 20:49:05.455
  39:  2000 JAN 01 21:43:38.182
  40:  2000 JAN 01 21:54:32.727
  41:  2000 JAN 01 22:49:05.455
  42:  2000 JAN 01 23:00:00.000
  43:  2000 JAN 01 23:54:32.727
